=== attempt 1 (2026-09-30 20:24:39) ===
--fresh: starting from power-on
  attempt 3: success 1463 frames, hearts 3.0
  converged: 3 of 4 scouts within 20 frames of 1463 - taking it
  trimmed 2 idle frames off start
[start] 1463 frames, hearts 3.0 -> f1461 mode=05/00 L0 room=77 pos=(64,88) dir=4 hp=3.0/3 rup=0 sword=1 lag=127 (total 1461 frames, 24s wall)
  attempt 2: success 195 frames, hearts 3.0
  converged: 3 of 4 scouts within 20 frames of 195 - taking it
[ow_76] 195 frames, hearts 3.0 -> f1656 mode=05/00 L0 room=76 pos=(240,141) dir=2 hp=3.0/3 rup=0 sword=1 lag=198 (total 1656 frames, 26s wall)
  attempt 2: success 172 frames, hearts 3.0
  converged: 3 of 4 scouts within 20 frames of 172 - taking it
[ow_66] 172 frames, hearts 3.0 -> f1828 mode=05/00 L0 room=66 pos=(208,221) dir=8 hp=3.0/3 rup=0 sword=1 lag=250 (total 1828 frames, 28s wall)
  attempt 2: success 287 frames, hearts 3.0
  converged: 3 of 4 scouts within 20 frames of 287 - taking it
[ow_65] 287 frames, hearts 3.0 -> f2115 mode=05/00 L0 room=65 pos=(240,189) dir=2 hp=3.0/3 rup=0 sword=1 lag=321 (total 2115 frames, 32s wall)
  attempt 1: success 358 frames, hearts 3.0
  attempt 7: success 352 frames, hearts 3.0
  converged: 3 of 4 scouts within 20 frames of 352 - taking it
[ow_64] 352 frames, hearts 3.0 -> f2467 mode=05/00 L0 room=64 pos=(240,141) dir=2 hp=3.0/3 rup=0 sword=1 lag=392 (total 2467 frames, 38s wall)
  attempt 2: success 286 frames, hearts 2.5
  attempt 3: success 475 frames, hearts 3.0
  converged: 4 of 4 scouts within 20 frames of 475 - taking it
  attempt 7: success 349 frames, hearts 3.0
[ow_63] 349 frames, hearts 3.0 -> f2816 mode=05/00 L0 room=63 pos=(240,149) dir=2 hp=3.0/3 rup=0 sword=1 lag=463 (total 2816 frames, 43s wall)
  attempt 2: success 161 frames, hearts 3.0
  converged: 3 of 4 scouts within 20 frames of 161 - taking it
[ow_73] 161 frames, hearts 3.0 -> f2977 mode=05/00 L0 room=73 pos=(208,61) dir=4 hp=3.0/3 rup=0 sword=1 lag=513 (total 2977 frames, 45s wall)
  attempt 2: success 180 frames, hearts 3.0
  converged: 3 of 4 scouts within 20 frames of 180 - taking it
[ow_74] 180 frames, hearts 3.0 -> f3157 mode=05/00 L0 room=74 pos=(0,125) dir=1 hp=3.0/3 rup=0 sword=1 lag=584 (total 3157 frames, 47s wall)
  attempt 2: success 305 frames, hearts 3.0
  converged: 3 of 4 scouts within 20 frames of 305 - taking it
[enter_L3] 305 frames, hearts 3.0 -> f3462 mode=05/00 L3 room=7c pos=(120,205) dir=8 hp=3.0/3 rup=0 sword=1 lag=603 (total 3462 frames, 50s wall)
  attempt 2: success 322 frames, hearts 3.0
  converged: 3 of 4 scouts within 20 frames of 322 - taking it
[7c_left] 322 frames, hearts 3.0 -> f3784 mode=05/00 L3 room=7b pos=(224,141) dir=2 hp=3.0/3 rup=0 sword=1 lag=739 (total 3784 frames, 53s wall)
  attempt 1: success 321 frames, hearts 3.0
  attempt 2: success 316 frames, hearts 3.0
  attempt 4: success 314 frames, hearts 3.0
  converged: 3 of 4 scouts within 20 frames of 314 - taking it
  attempt 5: success 297 frames, hearts 3.0
[7b_key] 297 frames, hearts 3.0 -> f4081 mode=05/00 L3 room=6b pos=(120,205) dir=8 hp=3.0/3 rup=0 sword=1 lag=836 (total 4081 frames, 56s wall)
  attempt 3: success 305 frames, hearts 3.0
  attempt 1: success 301 frames, hearts 3.0
  attempt 2: success 300 frames, hearts 3.0
  converged: 3 of 4 scouts within 20 frames of 300 - taking it
[6b_up] 300 frames, hearts 3.0 -> f4381 mode=05/00 L3 room=5b pos=(120,205) dir=8 hp=3.0/3 rup=0 sword=1 lag=933 (total 4381 frames, 70s wall)
  attempt 4: success 793 frames, hearts 3.0
  attempt 1: over budget (793 frames)
  attempt 3: over budget (793 frames)
  attempt 2: over budget (789 frames)
  attempt 5: over budget (793 frames)
  attempt 8: success 672 frames, hearts 3.0
  attempt 6: over budget (789 frames)
  attempt 7: over budget (672 frames)
  attempt 9: over budget (670 frames)
  attempt 10: over budget (672 frames)
  attempt 11: over budget (669 frames)
  attempt 12: over budget (671 frames)
  attempt 13: over budget (669 frames)
  attempt 14: over budget (672 frames)
  attempt 15: over budget (665 frames)
  attempt 16: over budget (671 frames)
  attempt 18: over budget (672 frames)
  attempt 17: over budget (668 frames)
  attempt 19: over budget (672 frames)
  attempt 21: over budget (672 frames)
  attempt 20: over budget (668 frames)
  attempt 22: over budget (668 frames)
  attempt 24: over budget (672 frames)
  attempt 23: over budget (672 frames)
  attempt 25: over budget (669 frames)
  attempt 26: over budget (667 frames)
  attempt 27: over budget (665 frames)
  attempt 28: over budget (672 frames)
  attempt 30: over budget (668 frames)
  attempt 31: over budget (666 frames)
  attempt 32: over budget (672 frames)
  attempt 34: over budget (667 frames)
  attempt 33: over budget (672 frames)
  attempt 35: over budget (667 frames)
  attempt 36: over budget (672 frames)
  attempt 38: over budget (672 frames)
  attempt 37: over budget (671 frames)
  attempt 41: over budget (672 frames)
  attempt 39: over budget (668 frames)
  attempt 40: over budget (671 frames)
  (early stop after 41 attempts)
  attempt 42: over budget (671 frames)
  attempt 44: over budget (672 frames)
  attempt 43: over budget (665 frames)
[5b_bombs] 672 frames, hearts 3.0 -> f5053 mode=05/00 L3 room=4b pos=(120,205) dir=8 hp=3.0/3 rup=0 sword=1 lag=1030 (total 5053 frames, 859s wall)
  attempt 2: success 331 frames, hearts 3.0
  converged: 3 of 4 scouts within 20 frames of 331 - taking it
[4b_left] 331 frames, hearts 3.0 -> f5384 mode=05/00 L3 room=4a pos=(224,141) dir=2 hp=3.0/3 rup=0 sword=1 lag=1166 (total 5384 frames, 862s wall)
  attempt 2: success 681 frames, hearts 3.0
  converged: 3 of 4 scouts within 20 frames of 681 - taking it
  attempt 4: success 677 frames, hearts 3.0
  attempt 6: done (601 frames)
  attempt 5: over budget (677 frames)
[4a_bombs] 677 frames, hearts 3.0 -> f6061 mode=05/00 L3 room=49 pos=(224,141) dir=2 hp=3.0/3 rup=0 sword=1 lag=1302 (total 6061 frames, 899s wall)
  attempt 4: success 297 frames, hearts 3.0
  attempt 1: over budget (297 frames)
  attempt 3: over budget (297 frames)
  attempt 5: success 276 frames, hearts 3.0
  attempt 6: over budget (297 frames)
  attempt 8: over budget (291 frames)
  attempt 9: over budget (276 frames)
  attempt 11: over budget (276 frames)
  attempt 10: success 273 frames, hearts 3.0
  converged: 3 of 4 scouts within 20 frames of 273 - taking it
  attempt 12: over budget (276 frames)
  attempt 14: over budget (273 frames)
  attempt 13: over budget (273 frames)
[49_key] 273 frames, hearts 3.0 -> f6334 mode=05/00 L3 room=59 pos=(120,77) dir=4 hp=3.0/3 rup=0 sword=1 lag=1395 (total 6334 frames, 903s wall)
  attempt 2: success 1269 frames, hearts 3.0
  attempt 1: success 1088 frames, hearts 3.0
  attempt 3: over budget (1308 frames)
  attempt 10: success 1043 frames, hearts 3.0
  attempt 8: over budget (1263 frames)
  attempt 7: over budget (1263 frames)
  converged: 3 of 4 scouts within 20 frames of 1043 - taking it
  attempt 12: over budget (1263 frames)
  attempt 13: over budget (1263 frames)
  attempt 15: over budget (1263 frames)
[59_fight] 1043 frames, hearts 3.0 -> f7377 mode=05/00 L3 room=69 pos=(120,77) dir=4 hp=3.0/3 rup=0 sword=1 lag=1488 (total 7377 frames, 1272s wall)
  attempt 2: success 281 frames, hearts 3.0
  attempt 11: reached (119 frames)
  attempt 7: over budget (495 frames)
  attempt 9: over budget (497 frames)
  attempt 12: success 243 frames, hearts 3.0
  attempt 10: over budget (458 frames)
  attempt 16: reached (103 frames)
  attempt 14: reached (376 frames)
  attempt 15: over budget (459 frames)
  attempt 17: reached (431 frames)
  attempt 20: success 241 frames, hearts 3.0
  attempt 21: over budget (458 frames)
  attempt 22: over budget (455 frames)
  attempt 25: success 213 frames, hearts 3.0
  attempt 23: over budget (427 frames)
  attempt 26: over budget (425 frames)
  attempt 32: over budget (430 frames)
  attempt 34: over budget (428 frames)
  attempt 35: over budget (429 frames)
  attempt 39: reached (103 frames)
  (early stop after 38 attempts)
  attempt 40: reached (118 frames)
  attempt 38: over budget (428 frames)
  attempt 41: over budget (433 frames)
[69_stairs] 213 frames, hearts 3.0 -> f7590 mode=09/02 L3 room=0f pos=(208,141) dir=1 hp=3.0/3 rup=0 sword=1 lag=1535 (total 7590 frames, 1385s wall)
  attempt 4: success 933 frames, hearts 2.0
  attempt 2: success 924 frames, hearts 2.5
  converged: 3 of 4 scouts within 20 frames of 924 - taking it
  attempt 8: success 907 frames, hearts 2.5
[cellar] 907 frames, hearts 2.5 -> f8497 mode=05/00 L3 room=69 pos=(96,141) dir=4 hp=2.5/3 rup=0 sword=1 lag=1540 (total 8497 frames, 1423s wall)
  attempt 4: success 254 frames, hearts 2.5
  converged: 3 of 4 scouts within 20 frames of 254 - taking it
[69_up] 254 frames, hearts 2.5 -> f8751 mode=05/00 L3 room=59 pos=(120,189) dir=8 hp=2.5/3 rup=0 sword=1 lag=1647 (total 8751 frames, 1429s wall)
  attempt 2: success 241 frames, hearts 2.5
  converged: 3 of 4 scouts within 20 frames of 241 - taking it
[59_up] 241 frames, hearts 2.5 -> f8992 mode=05/00 L3 room=49 pos=(120,205) dir=8 hp=2.5/3 rup=0 sword=1 lag=1744 (total 8992 frames, 1432s wall)
  attempt 2: success 327 frames, hearts 2.5
  converged: 3 of 4 scouts within 20 frames of 327 - taking it
[49_right] 327 frames, hearts 2.5 -> f9319 mode=05/00 L3 room=4a pos=(16,141) dir=1 hp=2.5/3 rup=0 sword=1 lag=1880 (total 9319 frames, 1438s wall)
  attempt 2: success 361 frames, hearts 2.5
  converged: 3 of 4 scouts within 20 frames of 361 - taking it
[4a_right] 361 frames, hearts 2.5 -> f9680 mode=05/00 L3 room=4b pos=(16,141) dir=1 hp=2.5/3 rup=0 sword=1 lag=2016 (total 9680 frames, 1442s wall)
  attempt 2: success 440 frames, hearts 2.5
  converged: 3 of 4 scouts within 20 frames of 440 - taking it
[4b_right] 440 frames, hearts 2.5 -> f10120 mode=05/00 L3 room=4c pos=(16,141) dir=1 hp=2.5/3 rup=0 sword=1 lag=2152 (total 10120 frames, 1452s wall)
  attempt 3: success 515 frames, hearts 2.5
  attempt 2: success 514 frames, hearts 2.5
  converged: 3 of 4 scouts within 20 frames of 514 - taking it
[4c_bomb] 514 frames, hearts 2.5 -> f10634 mode=05/00 L3 room=4d pos=(32,141) dir=1 hp=2.5/3 rup=0 sword=1 lag=2288 (total 10634 frames, 1457s wall)
  manhandla is a phase-locked fight: 4 scouts split 0-90 frames between them rather than all drawing from it
  attempt 1: died (292 frames)
  attempt 4: success 519 frames, hearts 1.5
  first success in hand - taking it (a boss success IS the win; see HEARTS_FREE)
  attempt 2: success 462 frames, hearts 2.5
  first success in hand - taking it (a boss success IS the win; see HEARTS_FREE)
  attempt 5: success 246 frames, hearts 2.5
  first success in hand - taking it (a boss success IS the win; see HEARTS_FREE)
  attempt 3: died (752 frames)
  first success in hand - taking it (a boss success IS the win; see HEARTS_FREE)
[manhandla] 246 frames, hearts 2.5 -> f10880 mode=05/00 L3 room=4d pos=(88,177) dir=4 hp=2.5/3 rup=0 sword=1 lag=2294 (total 10880 frames, 1532s wall)
  attempt 4: success 772 frames, hearts 4.0
  converged: 3 of 4 scouts within 20 frames of 772 - taking it
[L3_done] 772 frames, hearts 4.0 -> f11652 mode=02/00 L0 room=3d pos=(120,149) dir=8 hp=4.0/4 rup=0 sword=1 lag=2400 (total 11652 frames, 1538s wall)
  attempt 4: success 180 frames, hearts 4.0
  converged: 3 of 4 scouts within 20 frames of 180 - taking it
[warp_L3] 180 frames, hearts 4.0 -> f11832 mode=05/00 L0 room=74 pos=(128,125) dir=4 hp=4.0/4 rup=0 sword=1 lag=2410 (total 11832 frames, 1539s wall)
  attempt 2: success 209 frames, hearts 4.0
  converged: 3 of 4 scouts within 20 frames of 209 - taking it
[ow1_73] 209 frames, hearts 4.0 -> f12041 mode=05/00 L0 room=73 pos=(240,133) dir=2 hp=4.0/4 rup=0 sword=1 lag=2481 (total 12041 frames, 1541s wall)
  attempt 4: success 174 frames, hearts 4.0
  attempt 2: success 166 frames, hearts 4.0
  converged: 3 of 4 scouts within 20 frames of 166 - taking it
[ow1_63] 166 frames, hearts 4.0 -> f12207 mode=05/00 L0 room=63 pos=(208,221) dir=8 hp=4.0/4 rup=0 sword=1 lag=2533 (total 12207 frames, 1542s wall)
  attempt 2: success 178 frames, hearts 4.0
  converged: 3 of 4 scouts within 20 frames of 178 - taking it
[ow1_64] 178 frames, hearts 4.0 -> f12385 mode=05/00 L0 room=64 pos=(0,157) dir=1 hp=4.0/4 rup=0 sword=1 lag=2604 (total 12385 frames, 1544s wall)
  attempt 2: success 312 frames, hearts 4.0
  converged: 3 of 4 scouts within 20 frames of 312 - taking it
[ow1_65] 312 frames, hearts 4.0 -> f12697 mode=05/00 L0 room=65 pos=(0,189) dir=1 hp=4.0/4 rup=0 sword=1 lag=2675 (total 12697 frames, 1549s wall)
  attempt 1: success 414 frames, hearts 4.0
  attempt 2: success 408 frames, hearts 4.0
  attempt 5: success 407 frames, hearts 4.0
  converged: 3 of 4 scouts within 20 frames of 407 - taking it
[ow1_66] 407 frames, hearts 4.0 -> f13104 mode=05/00 L0 room=66 pos=(0,141) dir=1 hp=4.0/4 rup=0 sword=1 lag=2746 (total 13104 frames, 1555s wall)
  attempt 2: success 324 frames, hearts 4.0
  attempt 7: success 323 frames, hearts 4.0
  converged: 3 of 4 scouts within 20 frames of 323 - taking it
[ow1_67] 323 frames, hearts 4.0 -> f13427 mode=05/00 L0 room=67 pos=(0,125) dir=1 hp=4.0/4 rup=0 sword=1 lag=2817 (total 13427 frames, 1560s wall)
  attempt 4: success 343 frames, hearts 4.0
  attempt 2: success 336 frames, hearts 4.0
  converged: 3 of 4 scouts within 20 frames of 336 - taking it
[ow1_68] 336 frames, hearts 4.0 -> f13763 mode=05/00 L0 room=68 pos=(0,117) dir=1 hp=4.0/4 rup=0 sword=1 lag=2888 (total 13763 frames, 1563s wall)
  attempt 2: success 162 frames, hearts 4.0
  converged: 3 of 4 scouts within 20 frames of 162 - taking it
[ow1_58] 162 frames, hearts 4.0 -> f13925 mode=05/00 L0 room=58 pos=(48,221) dir=8 hp=4.0/4 rup=0 sword=1 lag=2940 (total 13925 frames, 1565s wall)
  attempt 2: success 279 frames, hearts 3.0
  attempt 3: success 368 frames, hearts 4.0
  converged: 3 of 4 scouts within 20 frames of 368 - taking it
  attempt 5: success 311 frames, hearts 4.0
  attempt 6: success 287 frames, hearts 4.0
[ow1_48] 287 frames, hearts 4.0 -> f14212 mode=05/00 L0 room=48 pos=(128,221) dir=8 hp=4.0/4 rup=0 sword=1 lag=2992 (total 14212 frames, 1568s wall)
  attempt 2: success 274 frames, hearts 3.0
  attempt 4: crossed (363 frames)
  attempt 6: success 214 frames, hearts 3.5
  attempt 15: success 200 frames, hearts 3.5
  converged: 3 of 4 scouts within 20 frames of 200 - taking it
[ow1_38] 200 frames, hearts 3.5 -> f14412 mode=05/00 L0 room=38 pos=(128,221) dir=8 hp=3.5/4 rup=0 sword=1 lag=3044 (total 14412 frames, 1575s wall)
  attempt 4: success 214 frames, hearts 3.0
  attempt 2: success 221 frames, hearts 3.5
  converged: 3 of 4 scouts within 20 frames of 221 - taking it
[ws_28] 221 frames, hearts 3.5 -> f14633 mode=05/00 L0 room=28 pos=(112,221) dir=8 hp=3.5/4 rup=0 sword=1 lag=3097 (total 14633 frames, 1577s wall)
  attempt 2: success 236 frames, hearts 3.5
  converged: 3 of 4 scouts within 20 frames of 236 - taking it
[ws_29] 236 frames, hearts 3.5 -> f14869 mode=05/00 L0 room=29 pos=(0,173) dir=1 hp=3.5/4 rup=0 sword=1 lag=3168 (total 14869 frames, 1579s wall)
  attempt 2: success 306 frames, hearts 2.5
  converged: 3 of 4 scouts within 20 frames of 306 - taking it
[ws_2a] 306 frames, hearts 2.5 -> f15175 mode=05/00 L0 room=2a pos=(0,173) dir=1 hp=2.5/4 rup=0 sword=1 lag=3239 (total 15175 frames, 1586s wall)
  attempt 2: success 288 frames, hearts 2.5
  converged: 3 of 4 scouts within 20 frames of 288 - taking it
[ws_2b] 288 frames, hearts 2.5 -> f15463 mode=05/00 L0 room=2b pos=(0,173) dir=1 hp=2.5/4 rup=0 sword=1 lag=3310 (total 15463 frames, 1589s wall)
  attempt 1: success 404 frames, hearts 2.5
  converged: 3 of 4 scouts within 20 frames of 404 - taking it
  attempt 10: success 395 frames, hearts 2.5
[ws_2c] 395 frames, hearts 2.5 -> f15858 mode=05/00 L0 room=2c pos=(0,117) dir=1 hp=2.5/4 rup=0 sword=1 lag=3381 (total 15858 frames, 1596s wall)
  attempt 4: success 934 frames, hearts 3.5
  attempt 2: success 918 frames, hearts 3.5
  attempt 3: success 974 frames, hearts 4.5
  converged: 3 of 4 scouts within 20 frames of 974 - taking it
  attempt 1: success 970 frames, hearts 4.5
[h2c_heart] 970 frames, hearts 4.5 -> f16828 mode=05/00 L0 room=2c pos=(144,157) dir=4 hp=4.5/5 rup=1 sword=1 lag=3440 (total 16828 frames, 1615s wall)
  attempt 4: nav: walked into a cave (63 frames)
  attempt 3: success 234 frames, hearts 4.5
  converged: 3 of 4 scouts within 20 frames of 234 - taking it
[h2c_2d] 234 frames, hearts 4.5 -> f17062 mode=05/00 L0 room=2d pos=(0,141) dir=1 hp=4.5/5 rup=1 sword=1 lag=3511 (total 17062 frames, 1618s wall)
  attempt 3: success 279 frames, hearts 4.5
  converged: 3 of 4 scouts within 20 frames of 279 - taking it
[c0f_1d] 279 frames, hearts 4.5 -> f17341 mode=05/00 L0 room=1d pos=(120,221) dir=8 hp=4.5/5 rup=1 sword=1 lag=3564 (total 17341 frames, 1621s wall)
  attempt 2: success 252 frames, hearts 4.5
  converged: 3 of 4 scouts within 20 frames of 252 - taking it
[c0f_1e] 252 frames, hearts 4.5 -> f17593 mode=05/00 L0 room=1e pos=(0,141) dir=1 hp=4.5/5 rup=1 sword=1 lag=3635 (total 17593 frames, 1624s wall)
  attempt 1: success 300 frames, hearts 4.5
  attempt 4: success 299 frames, hearts 4.5
  attempt 2: success 288 frames, hearts 4.5
  converged: 3 of 4 scouts within 20 frames of 288 - taking it
[c0f_1f] 288 frames, hearts 4.5 -> f17881 mode=05/00 L0 room=1f pos=(0,141) dir=1 hp=4.5/5 rup=1 sword=1 lag=3706 (total 17881 frames, 1627s wall)
  attempt 2: success 293 frames, hearts 3.5
  converged: 3 of 4 scouts within 20 frames of 293 - taking it
  attempt 3: success 483 frames, hearts 4.5
[c0f_0f] 483 frames, hearts 4.5 -> f18364 mode=05/00 L0 room=0f pos=(128,221) dir=8 hp=4.5/5 rup=1 sword=1 lag=3758 (total 18364 frames, 1631s wall)
  attempt 2: success 759 frames, hearts 4.5
  converged: 3 of 4 scouts within 20 frames of 759 - taking it
[cave_0f] 759 frames, hearts 4.5 -> f19123 mode=05/00 L0 room=0f pos=(128,125) dir=4 hp=4.5/5 rup=101 sword=1 lag=3817 (total 19123 frames, 1639s wall)
  attempt 2: success 177 frames, hearts 4.5
  converged: 3 of 4 scouts within 20 frames of 177 - taking it
[c0f_b1f] 177 frames, hearts 4.5 -> f19300 mode=05/00 L0 room=1f pos=(128,61) dir=4 hp=4.5/5 rup=101 sword=1 lag=3867 (total 19300 frames, 1640s wall)
  attempt 1: success 253 frames, hearts 4.5
  attempt 7: success 245 frames, hearts 4.5
  converged: 3 of 4 scouts within 20 frames of 245 - taking it
[c0f_b1e] 245 frames, hearts 4.5 -> f19545 mode=05/00 L0 room=1e pos=(240,85) dir=2 hp=4.5/5 rup=101 sword=1 lag=3938 (total 19545 frames, 1644s wall)
  attempt 2: success 329 frames, hearts 4.5
  converged: 3 of 4 scouts within 20 frames of 329 - taking it
[c0f_b1d] 329 frames, hearts 4.5 -> f19874 mode=05/00 L0 room=1d pos=(240,141) dir=2 hp=4.5/5 rup=101 sword=1 lag=4009 (total 19874 frames, 1647s wall)
  attempt 4: success 209 frames, hearts 4.5
  attempt 1: success 208 frames, hearts 4.5
  converged: 3 of 4 scouts within 20 frames of 208 - taking it
  attempt 5: success 203 frames, hearts 4.5
[cdl_0d] 203 frames, hearts 4.5 -> f20077 mode=05/00 L0 room=0d pos=(208,221) dir=8 hp=4.5/5 rup=101 sword=1 lag=4061 (total 20077 frames, 1649s wall)
  attempt 1: success 343 frames, hearts 4.5
  converged: 3 of 4 scouts within 20 frames of 343 - taking it
[cdl_0c] 343 frames, hearts 4.5 -> f20420 mode=05/00 L0 room=0c pos=(240,157) dir=2 hp=4.5/5 rup=101 sword=1 lag=4132 (total 20420 frames, 1653s wall)
  attempt 2: success 490 frames, hearts 4.5
  converged: 3 of 4 scouts within 20 frames of 490 - taking it
[buy_candle] 490 frames, hearts 4.5 -> f20910 mode=0b/00 L0 room=0c pos=(152,157) dir=8 hp=4.5/5 rup=101 sword=1 lag=4161 (total 20910 frames, 1663s wall)
  attempt 4: success 310 frames, hearts 4.5
  converged: 3 of 4 scouts within 20 frames of 310 - taking it
[candle_leave] 310 frames, hearts 4.5 -> f21220 mode=05/00 L0 room=0c pos=(128,91) dir=4 hp=4.5/5 rup=41 sword=1 lag=4191 (total 21220 frames, 1666s wall)
  attempt 3: success 352 frames, hearts 4.0
  attempt 1: success 380 frames, hearts 5.0
  converged: 4 of 4 scouts within 20 frames of 380 - taking it
[cdl_1c] 380 frames, hearts 5.0 -> f21600 mode=05/00 L0 room=1c pos=(80,61) dir=4 hp=5.0/5 rup=42 sword=1 lag=4241 (total 21600 frames, 1669s wall)
  attempt 2: success 224 frames, hearts 5.0
  converged: 3 of 4 scouts within 20 frames of 224 - taking it
[ws_1b] 224 frames, hearts 5.0 -> f21824 mode=05/00 L0 room=1b pos=(240,125) dir=2 hp=5.0/5 rup=42 sword=1 lag=4312 (total 21824 frames, 1672s wall)
  attempt 2: success 352 frames, hearts 5.0
  converged: 3 of 4 scouts within 20 frames of 352 - taking it
[ws_1a] 352 frames, hearts 5.0 -> f22176 mode=05/00 L0 room=1a pos=(240,141) dir=2 hp=5.0/5 rup=42 sword=1 lag=4383 (total 22176 frames, 1675s wall)
  attempt 2: success 213 frames, hearts 5.0
  converged: 3 of 4 scouts within 20 frames of 213 - taking it
[ws_0a] 213 frames, hearts 5.0 -> f22389 mode=05/00 L0 room=0a pos=(208,221) dir=8 hp=5.0/5 rup=42 sword=1 lag=4435 (total 22389 frames, 1677s wall)
  attempt 1: approach: died (405 frames)
  attempt 2: approach: died (507 frames)
  attempt 3: approach: died (595 frames)
  attempt 4: approach: died (642 frames)
  attempt 8: approach: died (516 frames)
  attempt 6: success 1551 frames, hearts 0.5
  attempt 9: approach: died (517 frames)
  attempt 11: approach: died (388 frames)
  attempt 12: approach: died (520 frames)
  attempt 13: approach: died (434 frames)
  attempt 14: approach: died (384 frames)
  attempt 7: success 3019 frames, hearts 3.0
  attempt 15: approach: died (514 frames)
  attempt 17: approach: died (330 frames)
  attempt 16: approach: died (384 frames)
  attempt 18: approach: died (496 frames)
  attempt 19: approach: died (330 frames)
  attempt 20: approach: died (467 frames)
  attempt 21: approach: died (590 frames)
  attempt 23: approach: died (520 frames)
  attempt 22: approach: died (541 frames)
  attempt 24: approach: died (335 frames)
  attempt 25: approach: died (335 frames)
  attempt 27: approach: died (513 frames)
  attempt 26: approach: died (590 frames)
  attempt 31: approach: died (334 frames)
  attempt 30: approach: died (590 frames)
  attempt 32: approach: died (622 frames)
  attempt 33: approach: died (592 frames)
  attempt 29: approach: died (1570 frames)
  attempt 34: approach: died (512 frames)
  attempt 35: approach: died (517 frames)
  attempt 36: approach: died (507 frames)
  attempt 39: approach: died (337 frames)
  attempt 38: approach: died (611 frames)
  attempt 42: approach: died (614 frames)
  attempt 37: success 2063 frames, hearts 3.0
  attempt 43: approach: died (508 frames)
  attempt 41: approach: died (1094 frames)
  attempt 46: approach: died (330 frames)
  attempt 44: approach: died (717 frames)
  attempt 48: approach: died (514 frames)
  attempt 49: approach: died (506 frames)
  attempt 50: approach: died (590 frames)
  attempt 51: approach: died (466 frames)
  attempt 52: approach: died (385 frames)
  attempt 53: approach: died (639 frames)
  attempt 54: approach: died (567 frames)
  attempt 56: approach: died (337 frames)
  attempt 55: approach: died (516 frames)
  attempt 57: approach: died (334 frames)
  attempt 59: approach: died (334 frames)
  attempt 60: approach: died (627 frames)
[white_sword] 2063 frames, hearts 3.0 -> f24452 mode=05/00 L0 room=0a pos=(32,91) dir=4 hp=3.0/5 rup=42 sword=2 lag=4494 (total 24452 frames, 1936s wall)
  attempt 2: success 346 frames, hearts 3.0
  converged: 3 of 4 scouts within 20 frames of 346 - taking it
[l4w00_1a] 346 frames, hearts 3.0 -> f24798 mode=05/00 L0 room=1a pos=(208,61) dir=4 hp=3.0/5 rup=42 sword=2 lag=4544 (total 24798 frames, 1940s wall)
  attempt 4: success 471 frames, hearts 2.0
  attempt 3: success 468 frames, hearts 2.0
  converged: 3 of 4 scouts within 20 frames of 468 - taking it
  attempt 1: success 480 frames, hearts 2.5
  attempt 5: success 354 frames, hearts 2.5
[ws_19] 354 frames, hearts 2.5 -> f25152 mode=05/00 L0 room=19 pos=(240,149) dir=2 hp=2.5/5 rup=42 sword=2 lag=4615 (total 25152 frames, 1944s wall)
  attempt 3: success 337 frames, hearts 2.0
  converged: 3 of 4 scouts within 20 frames of 337 - taking it
  attempt 6: success 324 frames, hearts 2.0
  attempt 5: success 360 frames, hearts 2.5
[l4w04_18] 360 frames, hearts 2.5 -> f25512 mode=05/00 L0 room=18 pos=(240,141) dir=2 hp=2.5/5 rup=42 sword=2 lag=4686 (total 25512 frames, 1948s wall)
  attempt 1: success 297 frames, hearts 2.0
  attempt 2: success 297 frames, hearts 2.5
  converged: 3 of 4 scouts within 20 frames of 297 - taking it
[l4w05_17] 297 frames, hearts 2.5 -> f25809 mode=05/00 L0 room=17 pos=(240,157) dir=2 hp=2.5/5 rup=42 sword=2 lag=4757 (total 25809 frames, 1951s wall)
  attempt 1: success 216 frames, hearts 2.5
  converged: 3 of 4 scouts within 20 frames of 216 - taking it
[l4w06_27] 216 frames, hearts 2.5 -> f26025 mode=05/00 L0 room=27 pos=(144,61) dir=4 hp=2.5/5 rup=42 sword=2 lag=4807 (total 26025 frames, 1953s wall)
  attempt 2: success 240 frames, hearts 2.5
  converged: 3 of 4 scouts within 20 frames of 240 - taking it
[l4w07_28] 240 frames, hearts 2.5 -> f26265 mode=05/00 L0 room=28 pos=(0,141) dir=1 hp=2.5/5 rup=42 sword=2 lag=4878 (total 26265 frames, 1956s wall)
  attempt 1: success 242 frames, hearts 2.5
  attempt 2: success 231 frames, hearts 2.5
  converged: 3 of 4 scouts within 20 frames of 231 - taking it
[l4w08_38] 231 frames, hearts 2.5 -> f26496 mode=05/00 L0 room=38 pos=(112,61) dir=4 hp=2.5/5 rup=42 sword=2 lag=4928 (total 26496 frames, 1958s wall)
  attempt 2: success 243 frames, hearts 2.5
  converged: 3 of 4 scouts within 20 frames of 243 - taking it
[l4w09_48] 243 frames, hearts 2.5 -> f26739 mode=05/00 L0 room=48 pos=(112,61) dir=4 hp=2.5/5 rup=42 sword=2 lag=4978 (total 26739 frames, 1960s wall)
  attempt 2: success 251 frames, hearts 2.5
  converged: 3 of 4 scouts within 20 frames of 251 - taking it
[l4w10_47] 251 frames, hearts 2.5 -> f26990 mode=05/00 L0 room=47 pos=(240,141) dir=2 hp=2.5/5 rup=42 sword=2 lag=5049 (total 26990 frames, 1963s wall)
  attempt 1: success 794 frames, hearts 3.5
  converged: 3 of 4 scouts within 20 frames of 794 - taking it
[h47_heart] 794 frames, hearts 3.5 -> f27784 mode=05/00 L0 room=47 pos=(176,157) dir=4 hp=3.5/6 rup=42 sword=2 lag=5108 (total 27784 frames, 1971s wall)
  attempt 2: success 239 frames, hearts 3.5
  converged: 3 of 4 scouts within 20 frames of 239 - taking it
[l4w11_46] 239 frames, hearts 3.5 -> f28023 mode=05/00 L0 room=46 pos=(240,157) dir=2 hp=3.5/6 rup=42 sword=2 lag=5179 (total 28023 frames, 1974s wall)
  attempt 2: success 217 frames, hearts 3.5
  converged: 3 of 4 scouts within 20 frames of 217 - taking it
[l4w12_56] 217 frames, hearts 3.5 -> f28240 mode=05/00 L0 room=56 pos=(128,61) dir=4 hp=3.5/6 rup=42 sword=2 lag=5229 (total 28240 frames, 1976s wall)
  attempt 2: success 263 frames, hearts 3.5
  converged: 3 of 4 scouts within 20 frames of 263 - taking it
[l4w13_55] 263 frames, hearts 3.5 -> f28503 mode=05/00 L0 room=55 pos=(240,141) dir=2 hp=3.5/6 rup=42 sword=2 lag=5300 (total 28503 frames, 1979s wall)
  attempt 2: success 266 frames, hearts 3.0
  attempt 4: success 277 frames, hearts 3.5
  converged: 3 of 4 scouts within 20 frames of 277 - taking it
[l4_sail] 277 frames, hearts 3.5 -> f28780 mode=05/00 L0 room=45 pos=(128,221) dir=8 hp=3.5/6 rup=42 sword=2 lag=5352 (total 28780 frames, 1984s wall)
  attempt 2: success 271 frames, hearts 3.5
  converged: 3 of 4 scouts within 20 frames of 271 - taking it
[enter_L4] 271 frames, hearts 3.5 -> f29051 mode=05/00 L4 room=71 pos=(120,205) dir=8 hp=3.5/6 rup=42 sword=2 lag=5371 (total 29051 frames, 1986s wall)
  attempt 4: success 330 frames, hearts 3.5
  attempt 2: success 322 frames, hearts 3.5
  converged: 3 of 4 scouts within 20 frames of 322 - taking it
[l4_70] 322 frames, hearts 3.5 -> f29373 mode=05/00 L4 room=70 pos=(224,141) dir=2 hp=3.5/6 rup=42 sword=2 lag=5507 (total 29373 frames, 1989s wall)
  attempt 2: done (866 frames)
  attempt 1: done (897 frames)
  attempt 3: success 1056 frames, hearts 3.5
  attempt 4: success 1007 frames, hearts 3.5
  attempt 5: success 915 frames, hearts 3.5
  attempt 11: done (738 frames)
  attempt 10: done (878 frames)
  attempt 9: done (999 frames)
  attempt 12: done (759 frames)
  attempt 13: success 904 frames, hearts 3.5
  attempt 16: done (812 frames)
  attempt 19: done (875 frames)
  attempt 18: success 888 frames, hearts 3.5
  attempt 20: success 734 frames, hearts 3.5
  attempt 21: done (809 frames)
  attempt 24: done (846 frames)
  attempt 25: done (831 frames)
  attempt 26: done (959 frames)
  attempt 28: done (857 frames)
  attempt 34: done (835 frames)
  attempt 35: done (1012 frames)
  attempt 37: nav: the Right door did not open: Link is stu (699 frames)
  attempt 38: done (773 frames)
  attempt 40: done (797 frames)
  attempt 42: done (750 frames)
  attempt 44: done (798 frames)
  attempt 46: done (821 frames)
  attempt 45: done (867 frames)
  attempt 48: done (751 frames)
  attempt 47: done (981 frames)
  attempt 51: done (847 frames)
  (early stop after 55 attempts)
[l4_70_key] 734 frames, hearts 3.5 -> f30107 mode=05/00 L4 room=71 pos=(16,141) dir=1 hp=3.5/6 rup=42 sword=2 lag=5643 (total 30107 frames, 2740s wall)
  attempt 2: success 284 frames, hearts 3.5
  converged: 3 of 4 scouts within 20 frames of 284 - taking it
[l4_61] 284 frames, hearts 3.5 -> f30391 mode=05/00 L4 room=61 pos=(120,205) dir=8 hp=3.5/6 rup=42 sword=2 lag=5740 (total 30391 frames, 2743s wall)
  attempt 1: success 264 frames, hearts 3.5
  attempt 2: success 263 frames, hearts 3.5
  attempt 7: success 256 frames, hearts 3.5
  converged: 3 of 4 scouts within 20 frames of 256 - taking it
[l4_51] 256 frames, hearts 3.5 -> f30647 mode=05/00 L4 room=51 pos=(120,205) dir=8 hp=3.5/6 rup=42 sword=2 lag=5837 (total 30647 frames, 2748s wall)
  attempt 2: success 780 frames, hearts 3.5
  converged: 3 of 4 scouts within 20 frames of 780 - taking it
[l4_51_key] 780 frames, hearts 3.5 -> f31427 mode=05/00 L4 room=50 pos=(224,141) dir=2 hp=3.5/6 rup=42 sword=2 lag=5974 (total 31427 frames, 2870s wall)
  attempt 2: success 456 frames, hearts 2.5
  attempt 5: success 518 frames, hearts 3.0
  converged: 3 of 4 scouts within 20 frames of 518 - taking it
  attempt 6: success 486 frames, hearts 3.5
[l4_40] 486 frames, hearts 3.5 -> f31913 mode=05/00 L4 room=40 pos=(120,205) dir=8 hp=3.5/6 rup=42 sword=2 lag=6072 (total 31913 frames, 2886s wall)
  attempt 2: success 433 frames, hearts 3.5
  converged: 3 of 4 scouts within 20 frames of 433 - taking it
[l4_40_key] 433 frames, hearts 3.5 -> f32346 mode=05/00 L4 room=30 pos=(120,205) dir=8 hp=3.5/6 rup=47 sword=2 lag=6170 (total 32346 frames, 2890s wall)
  attempt 1: success 363 frames, hearts 3.5
  attempt 4: success 358 frames, hearts 3.5
  converged: 3 of 4 scouts within 20 frames of 358 - taking it
[l4_31] 358 frames, hearts 3.5 -> f32704 mode=05/00 L4 room=31 pos=(16,141) dir=1 hp=3.5/6 rup=47 sword=2 lag=6306 (total 32704 frames, 2897s wall)
  attempt 4: success 2331 frames, hearts 3.5
  attempt 2: timeout (3019 frames)
  attempt 1: timeout (2879 frames)
  attempt 3: timeout (3030 frames)
  attempt 6: success 1763 frames, hearts 3.5
  attempt 5: timeout (3039 frames)
  attempt 8: timeout (2632 frames)
  attempt 9: timeout (3032 frames)
  attempt 10: timeout (3024 frames)
  attempt 12: timeout (3027 frames)
  attempt 11: timeout (3027 frames)
  attempt 14: success 1623 frames, hearts 3.5
  attempt 13: timeout (3028 frames)
  attempt 17: timeout (3028 frames)
  attempt 15: timeout (3032 frames)
  attempt 19: timeout (3023 frames)
  attempt 20: timeout (3020 frames)
  attempt 21: timeout (3021 frames)
  attempt 23: timeout (3025 frames)
  attempt 25: timeout (2631 frames)
  attempt 24: timeout (3030 frames)
  attempt 27: timeout (3027 frames)
  attempt 28: timeout (3027 frames)
  attempt 29: timeout (3036 frames)
  attempt 31: timeout (3020 frames)
  attempt 32: timeout (2787 frames)
  attempt 33: timeout (2951 frames)
  attempt 34: timeout (3027 frames)
  attempt 35: timeout (3024 frames)
  attempt 38: timeout (3026 frames)
  attempt 40: timeout (3025 frames)
  attempt 41: timeout (2473 frames)
  attempt 39: timeout (3024 frames)
  attempt 43: success 1428 frames, hearts 3.5
  attempt 44: timeout (3030 frames)
  attempt 46: timeout (3022 frames)
  attempt 48: timeout (3020 frames)
  attempt 49: timeout (2469 frames)
  attempt 50: timeout (3030 frames)
  attempt 51: timeout (3029 frames)
  attempt 53: timeout (3032 frames)
  attempt 52: timeout (3019 frames)
  attempt 54: timeout (3031 frames)
  attempt 55: timeout (3027 frames)
  attempt 56: timeout (3027 frames)
  attempt 58: timeout (2958 frames)
  attempt 60: timeout (2631 frames)
  attempt 59: timeout (3033 frames)
[l4_32] 1428 frames, hearts 3.5 -> f34132 mode=05/00 L4 room=32 pos=(16,141) dir=1 hp=3.5/6 rup=47 sword=2 lag=6442 (total 34132 frames, 8916s wall)
  attempt 4: success 1371 frames, hearts 4.5
  attempt 3: timeout (2216 frames)
  attempt 2: timeout (2529 frames)
  attempt 1: timeout (2455 frames)
  attempt 5: timeout (2529 frames)
  attempt 6: timeout (2383 frames)
  attempt 7: timeout (2373 frames)
  attempt 8: timeout (2527 frames)
  attempt 9: timeout (2534 frames)
  attempt 11: timeout (2527 frames)
  attempt 10: timeout (2532 frames)
  attempt 12: timeout (2530 frames)
  attempt 13: timeout (2385 frames)
  attempt 15: timeout (2528 frames)
  attempt 14: timeout (2527 frames)
  attempt 16: timeout (2534 frames)
  attempt 17: timeout (2384 frames)
  attempt 19: timeout (2531 frames)
  attempt 18: timeout (2535 frames)
  attempt 21: timeout (2460 frames)
  attempt 20: timeout (2528 frames)
  attempt 22: timeout (2375 frames)
  attempt 23: timeout (2533 frames)
  attempt 25: timeout (2525 frames)
  attempt 24: timeout (2530 frames)
  attempt 26: timeout (2375 frames)
  attempt 27: timeout (2532 frames)
  attempt 28: timeout (2530 frames)
  attempt 31: timeout (2528 frames)
  attempt 30: timeout (2533 frames)
  attempt 32: timeout (2536 frames)
  attempt 33: timeout (2539 frames)
  attempt 34: timeout (2375 frames)
  attempt 35: timeout (2525 frames)
  attempt 36: timeout (2536 frames)
  attempt 37: timeout (2532 frames)
  attempt 38: timeout (2297 frames)
  attempt 39: timeout (2530 frames)
  attempt 40: timeout (2533 frames)
  attempt 42: timeout (2451 frames)
  attempt 43: timeout (2454 frames)
  attempt 44: timeout (2385 frames)
  attempt 45: timeout (2523 frames)
  (early stop after 45 attempts)
  attempt 46: timeout (2530 frames)
  attempt 47: timeout (2533 frames)
  attempt 48: timeout (2536 frames)
[l4_lad_st] 1371 frames, hearts 4.5 -> f35503 mode=09/09 L4 room=60 pos=(48,65) dir=4 hp=4.5/6 rup=47 sword=2 lag=6444 (total 35503 frames, 13115s wall)
  attempt 1: success 848 frames, hearts 3.5
  attempt 2: success 880 frames, hearts 4.0
  converged: 3 of 4 scouts within 20 frames of 880 - taking it
[l4_ladder] 880 frames, hearts 4.0 -> f36383 mode=05/00 L4 room=32 pos=(192,189) dir=4 hp=4.0/6 rup=47 sword=2 lag=6447 (total 36383 frames, 13142s wall)
  attempt 2: success 373 frames, hearts 4.0
  converged: 3 of 4 scouts within 20 frames of 373 - taking it
[l4_b31] 373 frames, hearts 4.0 -> f36756 mode=05/00 L4 room=31 pos=(208,141) dir=2 hp=4.0/6 rup=47 sword=2 lag=6583 (total 36756 frames, 13146s wall)
  attempt 2: success 407 frames, hearts 4.0
  converged: 3 of 4 scouts within 20 frames of 407 - taking it
[l4_b30] 407 frames, hearts 4.0 -> f37163 mode=05/00 L4 room=30 pos=(224,141) dir=2 hp=4.0/6 rup=47 sword=2 lag=6720 (total 37163 frames, 13157s wall)
  attempt 3: success 395 frames, hearts 4.0
  converged: 3 of 4 scouts within 20 frames of 395 - taking it
  attempt 4: dash: timeout (722 frames)
  attempt 9: dash: timeout (725 frames)
[l4_20] 395 frames, hearts 4.0 -> f37558 mode=05/00 L4 room=20 pos=(120,205) dir=8 hp=4.0/6 rup=47 sword=2 lag=6817 (total 37558 frames, 13177s wall)
  attempt 1: success 382 frames, hearts 3.0
  attempt 2: success 383 frames, hearts 4.0
  converged: 3 of 4 scouts within 20 frames of 383 - taking it
[l4_21] 383 frames, hearts 4.0 -> f37941 mode=05/00 L4 room=21 pos=(16,141) dir=1 hp=4.0/6 rup=47 sword=2 lag=6954 (total 37941 frames, 13185s wall)
  attempt 3: success 722 frames, hearts 4.0
  attempt 4: success 721 frames, hearts 4.0
  converged: 3 of 4 scouts within 20 frames of 721 - taking it
[l4_11] 721 frames, hearts 4.0 -> f38662 mode=05/00 L4 room=11 pos=(120,189) dir=8 hp=4.0/6 rup=47 sword=2 lag=7051 (total 38662 frames, 13209s wall)
  attempt 3: success 421 frames, hearts 4.0
  attempt 4: success 420 frames, hearts 4.0
  converged: 3 of 4 scouts within 20 frames of 420 - taking it
  attempt 5: success 410 frames, hearts 4.0
[l4_12r] 410 frames, hearts 4.0 -> f39072 mode=05/00 L4 room=12 pos=(32,141) dir=1 hp=4.0/6 rup=50 sword=2 lag=7187 (total 39072 frames, 13223s wall)
  attempt 4: success 2 frames, hearts 4.0
  converged: 3 of 4 scouts within 20 frames of 2 - taking it
[l4_10] 2 frames, hearts 4.0 -> f39074 mode=05/00 L4 room=12 pos=(32,141) dir=1 hp=4.0/6 rup=50 sword=2 lag=7187 (total 39074 frames, 13223s wall)
  attempt 1: success 2 frames, hearts 4.0
  converged: 3 of 4 scouts within 20 frames of 2 - taking it
[l4_00] 2 frames, hearts 4.0 -> f39076 mode=05/00 L4 room=12 pos=(32,141) dir=1 hp=4.0/6 rup=50 sword=2 lag=7187 (total 39076 frames, 13223s wall)
  attempt 1: success 2 frames, hearts 4.0
  converged: 3 of 4 scouts within 20 frames of 2 - taking it
[l4_01] 2 frames, hearts 4.0 -> f39078 mode=05/00 L4 room=12 pos=(32,141) dir=1 hp=4.0/6 rup=50 sword=2 lag=7187 (total 39078 frames, 13223s wall)
  attempt 4: success 2 frames, hearts 4.0
  converged: 3 of 4 scouts within 20 frames of 2 - taking it
[l4_02] 2 frames, hearts 4.0 -> f39080 mode=05/00 L4 room=12 pos=(32,141) dir=1 hp=4.0/6 rup=50 sword=2 lag=7187 (total 39080 frames, 13223s wall)
  attempt 2: success 2 frames, hearts 4.0
  converged: 3 of 4 scouts within 20 frames of 2 - taking it
[l4_12] 2 frames, hearts 4.0 -> f39082 mode=05/00 L4 room=12 pos=(32,141) dir=1 hp=4.0/6 rup=50 sword=2 lag=7187 (total 39082 frames, 13223s wall)
  attempt 2: success 901 frames, hearts 3.5
  attempt 4: success 922 frames, hearts 4.0
  attempt 6: success 870 frames, hearts 4.0
  attempt 14: success 691 frames, hearts 5.0
  attempt 28: timeout (2615 frames)
  (early stop after 47 attempts)
  attempt 43: timeout (2778 frames)
  attempt 49: timeout (2776 frames)
[l4_13] 691 frames, hearts 5.0 -> f39773 mode=05/00 L4 room=13 pos=(32,141) dir=1 hp=5.0/6 rup=50 sword=2 lag=7323 (total 39773 frames, 14804s wall)
  gleeok is a phase-locked fight: 4 scouts split 0-90 frames between them rather than all drawing from it
  attempt 2: died (2715 frames)
  attempt 4: died (3436 frames)
  attempt 6: died (1974 frames)
  attempt 3: died (5104 frames)
  attempt 1: died (5471 frames)
  attempt 5: timeout (6101 frames)
  attempt 7: died (4974 frames)
  attempt 9: died (4953 frames)
  attempt 8: timeout (6170 frames)
  attempt 12: died (2114 frames)
  attempt 10: success 4193 frames, hearts 0.5
  first success in hand - taking it (a boss success IS the win; see HEARTS_FREE)
  attempt 11: died (4797 frames)
  first success in hand - taking it (a boss success IS the win; see HEARTS_FREE)
  attempt 13: died (4195 frames)
  first success in hand - taking it (a boss success IS the win; see HEARTS_FREE)
  attempt 14: died (3339 frames)
  first success in hand - taking it (a boss success IS the win; see HEARTS_FREE)
[gleeok] 4193 frames, hearts 0.5 -> f43966 mode=05/00 L4 room=13 pos=(128,107) dir=4 hp=0.5/6 rup=50 sword=2 lag=7323 (total 43966 frames, 17229s wall)
  attempt 2: success 134 frames, hearts 1.5
  first success in hand - taking it (a boss success IS the win; see HEARTS_FREE)
  attempt 4: success 132 frames, hearts 1.5
  first success in hand - taking it (a boss success IS the win; see HEARTS_FREE)
  first success in hand - taking it (a boss success IS the win; see HEARTS_FREE)
  first success in hand - taking it (a boss success IS the win; see HEARTS_FREE)
[l4_heart] 132 frames, hearts 1.5 -> f44098 mode=05/00 L4 room=13 pos=(200,181) dir=1 hp=1.5/7 rup=50 sword=2 lag=7323 (total 44098 frames, 17230s wall)
  attempt 2: success 95 frames, hearts 1.5
  attempt 3: success 94 frames, hearts 1.5
  converged: 3 of 4 scouts within 20 frames of 94 - taking it
  attempt 5: success 89 frames, hearts 1.5
Gleeok's head: carried
[gleeok_head] 89 frames, hearts 1.5 -> f44187 mode=05/00 L4 room=13 pos=(120,141) dir=2 hp=1.5/7 rup=50 sword=2 lag=7323 (total 44187 frames, 17231s wall)
  attempt 2: success 1046 frames, hearts 7.0
  converged: 3 of 4 scouts within 20 frames of 1046 - taking it
[L4_done] 1046 frames, hearts 7.0 -> f45233 mode=02/00 L0 room=03 pos=(120,149) dir=8 hp=7.0/7 rup=50 sword=2 lag=7424 (total 45233 frames, 17238s wall)
  attempt 2: success 180 frames, hearts 7.0
  converged: 3 of 4 scouts within 20 frames of 180 - taking it
[warp_L4] 180 frames, hearts 7.0 -> f45413 mode=05/00 L0 room=45 pos=(128,125) dir=4 hp=7.0/7 rup=50 sword=2 lag=7439 (total 45413 frames, 17239s wall)
  attempt 3: nav: no path to the Right edge from (128,125) (6 frames)
  attempt 4: nav: no path to the Right edge from (128,125) (17 frames)
  attempt 1: nav: no path to the Right edge from (128,125) (11 frames)
  attempt 2: nav: no path to the Right edge from (128,125) (24 frames)
  attempt 5: nav: no path to the Right edge from (128,125) (18 frames)
  attempt 6: nav: no path to the Right edge from (128,125) (15 frames)
  attempt 7: nav: no path to the Right edge from (128,125) (0 frames)
  attempt 8: nav: no path to the Right edge from (128,125) (10 frames)
  attempt 9: nav: no path to the Right edge from (128,125) (4 frames)
  attempt 10: nav: no path to the Right edge from (128,125) (18 frames)
  attempt 11: nav: no path to the Right edge from (128,125) (5 frames)
  attempt 12: nav: no path to the Right edge from (128,125) (4 frames)
  attempt 13: nav: no path to the Right edge from (128,125) (4 frames)
  attempt 15: nav: no path to the Right edge from (128,125) (0 frames)
  attempt 14: nav: no path to the Right edge from (128,125) (30 frames)
  attempt 16: nav: no path to the Right edge from (128,125) (24 frames)
  attempt 18: nav: no path to the Right edge from (128,125) (6 frames)
  attempt 17: nav: no path to the Right edge from (128,125) (11 frames)
  attempt 19: nav: no path to the Right edge from (128,125) (8 frames)
  attempt 20: nav: no path to the Right edge from (128,125) (5 frames)
  attempt 22: nav: no path to the Right edge from (128,125) (7 frames)
  attempt 21: nav: no path to the Right edge from (128,125) (24 frames)
  attempt 23: nav: no path to the Right edge from (128,125) (4 frames)
  attempt 24: nav: no path to the Right edge from (128,125) (7 frames)
  attempt 25: nav: no path to the Right edge from (128,125) (21 frames)
  attempt 26: nav: no path to the Right edge from (128,125) (6 frames)
  attempt 27: nav: no path to the Right edge from (128,125) (7 frames)
  attempt 28: nav: no path to the Right edge from (128,125) (13 frames)
  attempt 30: nav: no path to the Right edge from (128,125) (4 frames)
  attempt 29: nav: no path to the Right edge from (128,125) (7 frames)
  attempt 31: nav: no path to the Right edge from (128,125) (6 frames)
  attempt 32: nav: no path to the Right edge from (128,125) (4 frames)
  attempt 33: nav: no path to the Right edge from (128,125) (7 frames)
  attempt 34: nav: no path to the Right edge from (128,125) (2 frames)
  attempt 36: nav: no path to the Right edge from (128,125) (10 frames)
  attempt 35: nav: no path to the Right edge from (128,125) (6 frames)
  attempt 37: nav: no path to the Right edge from (128,125) (5 frames)
  attempt 38: nav: no path to the Right edge from (128,125) (3 frames)
  attempt 39: nav: no path to the Right edge from (128,125) (1 frames)
  attempt 40: nav: no path to the Right edge from (128,125) (6 frames)
  attempt 41: nav: no path to the Right edge from (128,125) (7 frames)
  attempt 42: nav: no path to the Right edge from (128,125) (1 frames)
  attempt 43: nav: no path to the Right edge from (128,125) (7 frames)
  attempt 44: nav: no path to the Right edge from (128,125) (5 frames)
  attempt 45: nav: no path to the Right edge from (128,125) (26 frames)
  attempt 46: nav: no path to the Right edge from (128,125) (19 frames)
  attempt 47: nav: no path to the Right edge from (128,125) (10 frames)
  attempt 48: nav: no path to the Right edge from (128,125) (15 frames)
  attempt 50: nav: no path to the Right edge from (128,125) (5 frames)
  attempt 51: nav: no path to the Right edge from (128,125) (10 frames)
  attempt 49: nav: no path to the Right edge from (128,125) (2 frames)
  attempt 52: nav: no path to the Right edge from (128,125) (18 frames)
  attempt 53: nav: no path to the Right edge from (128,125) (7 frames)
  attempt 54: nav: no path to the Right edge from (128,125) (8 frames)
  attempt 55: nav: no path to the Right edge from (128,125) (22 frames)
  attempt 56: nav: no path to the Right edge from (128,125) (3 frames)
  attempt 57: nav: no path to the Right edge from (128,125) (7 frames)
  attempt 58: nav: no path to the Right edge from (128,125) (10 frames)
  attempt 59: nav: no path to the Right edge from (128,125) (5 frames)
  attempt 60: nav: no path to the Right edge from (128,125) (3 frames)
  no success; most common: 60x nav: no path to the Right edge from (128,125) @ room 45 L0
Traceback (most recent call last):
  File "/home/cmayfield/code/games/aibeatszelda/src/fullgame.py", line 3130, in <module>
    main()
    ~~~~^^
  File "/home/cmayfield/code/games/aibeatszelda/src/fullgame.py", line 3121, in main
    run.segment(name, factory, success, tries=tries, max_frames=3000)
    ~~~~~~~~~~~^^^^^^^^^^^^^^^^^^^^^^^^^^^^^^^^^^^^^^^^^^^^^^^^^^^^^^
  File "/home/cmayfield/code/games/aibeatszelda/src/zelda/runner.py", line 295, in segment
    raise RuntimeError(f"segment {name} failed")
RuntimeError: segment rv_leg_1 failed
=== a segment genuinely failed; stopping (2026-10-01 01:12:02) ===
