=== attempt 1 (2026-10-01 10:17:02) ===
Traceback (most recent call last):
  File "/home/cmayfield/code/games/aibeatszelda/src/zelda/emulator.py", line 219, in __init__
    self.conn, _ = srv.accept()
                   ~~~~~~~~~~^^
  File "/usr/lib/python3.14/socket.py", line 298, in accept
    fd, addr = self._accept()
               ~~~~~~~~~~~~^^
TimeoutError: timed out

During handling of the above exception, another exception occurred:

Traceback (most recent call last):
  File "/home/cmayfield/code/games/aibeatszelda/src/fullgame.py", line 3130, in <module>
    main()
    ~~~~^^
  File "/home/cmayfield/code/games/aibeatszelda/src/fullgame.py", line 3071, in main
    with Run(RUN_NAME, log=P) as run:
         ~~~^^^^^^^^^^^^^^^^^
  File "/home/cmayfield/code/games/aibeatszelda/src/zelda/runner.py", line 129, in __enter__
    self.open()
    ~~~~~~~~~^^
  File "/home/cmayfield/code/games/aibeatszelda/src/zelda/runner.py", line 110, in open
    self.scouts = [BizHawk(log_name=f"{self.name}_scout{i if i else ''}.log", clean_sram=False)
                   ~~~~~~~^^^^^^^^^^^^^^^^^^^^^^^^^^^^^^^^^^^^^^^^^^^^^^^^^^^^^^^^^^^^^^^^^^^^^
  File "/home/cmayfield/code/games/aibeatszelda/src/zelda/emulator.py", line 222, in __init__
    raise RuntimeError("EmuHawk never connected to the bridge; see " + str(LOGS_DIR / log_name))
RuntimeError: EmuHawk never connected to the bridge; see /home/cmayfield/code/games/aibeatszelda/src/logs/gleeok_scout2.log
=== died silently (exit 1, 2026-10-01 10:18:14); resuming ===
=== attempt 2 (2026-10-01 10:18:19) ===
--fresh: starting from power-on
  attempt 3: success 1463 frames, hearts 3.0
  converged: 3 of 4 scouts within 20 frames of 1463 - taking it
  trimmed 2 idle frames off start
[start] 1463 frames, hearts 3.0 -> f1461 mode=05/00 L0 room=77 pos=(64,88) dir=4 hp=3.0/3 rup=0 sword=1 lag=127 (total 1461 frames, 49s wall)
  attempt 1: success 206 frames, hearts 3.0
  attempt 2: success 195 frames, hearts 3.0
  converged: 3 of 4 scouts within 20 frames of 195 - taking it
[ow_76] 195 frames, hearts 3.0 -> f1656 mode=05/00 L0 room=76 pos=(240,141) dir=2 hp=3.0/3 rup=0 sword=1 lag=198 (total 1656 frames, 54s wall)
  attempt 2: success 172 frames, hearts 3.0
  converged: 3 of 4 scouts within 20 frames of 172 - taking it
[ow_66] 172 frames, hearts 3.0 -> f1828 mode=05/00 L0 room=66 pos=(208,221) dir=8 hp=3.0/3 rup=0 sword=1 lag=250 (total 1828 frames, 58s wall)
  attempt 2: success 287 frames, hearts 3.0
  converged: 3 of 4 scouts within 20 frames of 287 - taking it
[ow_65] 287 frames, hearts 3.0 -> f2115 mode=05/00 L0 room=65 pos=(240,189) dir=2 hp=3.0/3 rup=0 sword=1 lag=321 (total 2115 frames, 65s wall)
  attempt 1: success 358 frames, hearts 3.0
  attempt 7: success 352 frames, hearts 3.0
  converged: 3 of 4 scouts within 20 frames of 352 - taking it
[ow_64] 352 frames, hearts 3.0 -> f2467 mode=05/00 L0 room=64 pos=(240,141) dir=2 hp=3.0/3 rup=0 sword=1 lag=392 (total 2467 frames, 86s wall)
  attempt 2: success 286 frames, hearts 2.5
  attempt 3: success 475 frames, hearts 3.0
  converged: 4 of 4 scouts within 20 frames of 475 - taking it
  attempt 7: success 349 frames, hearts 3.0
[ow_63] 349 frames, hearts 3.0 -> f2816 mode=05/00 L0 room=63 pos=(240,149) dir=2 hp=3.0/3 rup=0 sword=1 lag=463 (total 2816 frames, 101s wall)
  attempt 2: success 161 frames, hearts 3.0
  converged: 3 of 4 scouts within 20 frames of 161 - taking it
[ow_73] 161 frames, hearts 3.0 -> f2977 mode=05/00 L0 room=73 pos=(208,61) dir=4 hp=3.0/3 rup=0 sword=1 lag=513 (total 2977 frames, 105s wall)
  attempt 2: success 180 frames, hearts 3.0
  converged: 3 of 4 scouts within 20 frames of 180 - taking it
[ow_74] 180 frames, hearts 3.0 -> f3157 mode=05/00 L0 room=74 pos=(0,125) dir=1 hp=3.0/3 rup=0 sword=1 lag=584 (total 3157 frames, 110s wall)
  attempt 3: success 309 frames, hearts 3.0
  attempt 2: success 305 frames, hearts 3.0
  converged: 3 of 4 scouts within 20 frames of 305 - taking it
[enter_L3] 305 frames, hearts 3.0 -> f3462 mode=05/00 L3 room=7c pos=(120,205) dir=8 hp=3.0/3 rup=0 sword=1 lag=603 (total 3462 frames, 117s wall)
  attempt 4: success 330 frames, hearts 3.0
  converged: 3 of 4 scouts within 20 frames of 330 - taking it
  attempt 2: success 322 frames, hearts 3.0
[7c_left] 322 frames, hearts 3.0 -> f3784 mode=05/00 L3 room=7b pos=(224,141) dir=2 hp=3.0/3 rup=0 sword=1 lag=739 (total 3784 frames, 124s wall)
  attempt 3: success 321 frames, hearts 3.0
  attempt 2: success 316 frames, hearts 3.0
  converged: 3 of 4 scouts within 20 frames of 316 - taking it
  attempt 4: success 314 frames, hearts 3.0
  attempt 5: success 297 frames, hearts 3.0
[7b_key] 297 frames, hearts 3.0 -> f4081 mode=05/00 L3 room=6b pos=(120,205) dir=8 hp=3.0/3 rup=0 sword=1 lag=836 (total 4081 frames, 131s wall)
  attempt 1: success 301 frames, hearts 3.0
  attempt 2: success 300 frames, hearts 3.0
  converged: 3 of 4 scouts within 20 frames of 300 - taking it
[6b_up] 300 frames, hearts 3.0 -> f4381 mode=05/00 L3 room=5b pos=(120,205) dir=8 hp=3.0/3 rup=0 sword=1 lag=933 (total 4381 frames, 161s wall)
  attempt 4: success 793 frames, hearts 3.0
  first success in hand - taking it (JUST_GET_THROUGH: not searching for a better line)
  attempt 1: over budget (793 frames)
  first success in hand - taking it (JUST_GET_THROUGH: not searching for a better line)
  attempt 3: over budget (793 frames)
  first success in hand - taking it (JUST_GET_THROUGH: not searching for a better line)
  attempt 2: over budget (789 frames)
  first success in hand - taking it (JUST_GET_THROUGH: not searching for a better line)
[5b_bombs] 793 frames, hearts 3.0 -> f5174 mode=05/00 L3 room=4b pos=(120,205) dir=8 hp=3.0/3 rup=0 sword=1 lag=1030 (total 5174 frames, 433s wall)
  attempt 1: success 342 frames, hearts 3.0
  attempt 2: success 331 frames, hearts 3.0
  converged: 3 of 4 scouts within 20 frames of 331 - taking it
[4b_left] 331 frames, hearts 3.0 -> f5505 mode=05/00 L3 room=4a pos=(224,141) dir=2 hp=3.0/3 rup=0 sword=1 lag=1166 (total 5505 frames, 439s wall)
  attempt 3: success 683 frames, hearts 3.0
  attempt 2: success 636 frames, hearts 3.0
  attempt 5: success 647 frames, hearts 3.0
  attempt 8: over budget (647 frames)
  attempt 7: success 622 frames, hearts 3.0
  attempt 6: over budget (622 frames)
  attempt 9: over budget (622 frames)
  attempt 10: over budget (622 frames)
  attempt 11: over budget (622 frames)
  attempt 15: over budget (622 frames)
  attempt 13: success 621 frames, hearts 3.0
  converged: 3 of 4 scouts within 20 frames of 621 - taking it
  attempt 14: over budget (621 frames)
  attempt 16: over budget (621 frames)
  attempt 17: over budget (620 frames)
[4a_bombs] 621 frames, hearts 3.0 -> f6126 mode=05/00 L3 room=49 pos=(224,141) dir=2 hp=3.0/3 rup=0 sword=1 lag=1302 (total 6126 frames, 766s wall)
  attempt 1: success 338 frames, hearts 3.0
  attempt 4: success 329 frames, hearts 3.0
  attempt 2: over budget (329 frames)
  attempt 3: over budget (329 frames)
  attempt 5: success 324 frames, hearts 3.0
  attempt 6: over budget (324 frames)
  attempt 8: over budget (324 frames)
  attempt 7: over budget (323 frames)
  attempt 9: over budget (324 frames)
  attempt 11: over budget (324 frames)
  attempt 10: success 319 frames, hearts 3.0
  attempt 12: over budget (319 frames)
  attempt 13: success 316 frames, hearts 3.0
  attempt 14: over budget (316 frames)
  attempt 15: over budget (316 frames)
  attempt 16: over budget (316 frames)
  attempt 17: over budget (316 frames)
  attempt 18: over budget (316 frames)
  attempt 19: over budget (316 frames)
  attempt 20: over budget (316 frames)
  attempt 21: over budget (316 frames)
  attempt 22: over budget (316 frames)
  attempt 23: over budget (316 frames)
  attempt 24: over budget (316 frames)
  attempt 25: over budget (316 frames)
  attempt 26: over budget (316 frames)
  attempt 27: over budget (316 frames)
  (early stop after 27 attempts)
  attempt 28: success 314 frames, hearts 3.0
  attempt 29: over budget (314 frames)
  attempt 30: over budget (314 frames)
[49_key] 314 frames, hearts 3.0 -> f6440 mode=05/00 L3 room=59 pos=(120,77) dir=4 hp=3.0/3 rup=0 sword=1 lag=1395 (total 6440 frames, 786s wall)
  attempt 3: success 509 frames, hearts 3.0
  attempt 1: over budget (509 frames)
  attempt 2: over budget (509 frames)
