gleeok_deliver: 60589 frames of input in the json, its own counter says 60589, summary f60589 mode=0b/00 L0 room=0a pos=(120,141) dir=8 hp=6.0/7 rup=48 sword=2 lag=10947
--- what the run banked, read out of the checkpoint jsons (no emulator)
  gleeok_deliver: 161 segments, 60589 frames, hearts 6.0, keys 1, bombs 0, list_hash 4ebba77ae76d
    segment 101 of 161  gleeok       banked at frame 43620
    segment 103 of 161  gleeok_head  banked at frame 43830
    segment 160 of 161  revenge      banked at frame 60251
    segment 161 of 161  deliver      banked at frame 60589
  first three: ['start', 'ow_76', 'ow_66']
  last three:  ['rv_leg_50', 'revenge', 'deliver']
--- replaying 60589 frames from power-on, one window stepped every frame
  replay          -> f60589 mode=0b/00 L0 room=0a pos=(120,141) dir=8 hp=6.0/7 rup=48 sword=2 lag=10947
    work-RAM sha1 575771d9bd7ca936b157d6c6f5d9ae43aa5e9331
  ckpt_gleeok_deliver -> f60589 mode=0b/00 L0 room=0a pos=(120,141) dir=8 hp=6.0/7 rup=48 sword=2 lag=10947
    work-RAM sha1 575771d9bd7ca936b157d6c6f5d9ae43aa5e9331

  fingerprint MATCH
  state       MATCH

--- the three claims, in RAM, at the end of the replayed run
  Gleeok dead      False  ($034D=0x00, 2 objects in the room)
  head delivered   True  (x=120, mode=0x0b, sub=0, level=0, room=0x0a); the White Sword's x as this process knows it: None
  head taken       True  (floor spot (120, 141); that bookmark is f43830 mode=05/00 L4 room=13 pos=(120,141) dir=2 hp=2.0/7 rup=48 sword=2 lag=7449, banked as 43830 frames in)

If the fingerprint says MATCH then the log inside the checkpoints is a run from power-on that reaches the dragon and the head. It is not yet logs/*.inputs.txt, and it is not the whole game: the route's next segment failed.
